2024-08-30 09:50:14.779  INFO 28004 --- [restartedMain] com.Project.post_comment.Application     : Starting Application using Java 17.0.11 on RSLPTP1177 with PID 28004 (D:\Project(post-comment)\Project-post-comment\target\classes started by ArkadebDG in D:\Project(post-comment)\Project-post-comment)
2024-08-30 09:50:14.779  INFO 28004 --- [restartedMain] com.Project.post_comment.Application     : No active profile set, falling back to 1 default profile: "default"
2024-08-30 09:50:14.971  INFO 28004 --- [restartedMain] .s.d.r.c.RepositoryConfigurationDelegate : Bootstrapping Spring Data JPA repositories in DEFAULT mode.
2024-08-30 09:50:15.012  INFO 28004 --- [restartedMain] .s.d.r.c.RepositoryConfigurationDelegate : Finished Spring Data repository scanning in 39 ms. Found 4 JPA repository interfaces.
2024-08-30 09:50:15.126  INFO 28004 --- [restartedMain] o.s.b.w.embedded.tomcat.TomcatWebServer  : Tomcat initialized with port(s): 8082 (http)
2024-08-30 09:50:15.127  INFO 28004 --- [restartedMain] o.apache.catalina.core.StandardService   : Starting service [Tomcat]
2024-08-30 09:50:15.128  INFO 28004 --- [restartedMain] org.apache.catalina.core.StandardEngine  : Starting Servlet engine: [Apache Tomcat/9.0.82]
2024-08-30 09:50:15.152  INFO 28004 --- [restartedMain] o.a.c.c.C.[Tomcat-3].[localhost].[/]     : Initializing Spring embedded WebApplicationContext
2024-08-30 09:50:15.152  INFO 28004 --- [restartedMain] w.s.c.ServletWebServerApplicationContext : Root WebApplicationContext: initialization completed in 371 ms
2024-08-30 09:50:15.191  INFO 28004 --- [restartedMain] o.hibernate.jpa.internal.util.LogHelper  : HHH000204: Processing PersistenceUnitInfo [name: default]
2024-08-30 09:50:15.195  INFO 28004 --- [restartedMain] com.zaxxer.hikari.HikariDataSource       : HikariPool-9 - Starting...
2024-08-30 09:50:15.212  INFO 28004 --- [restartedMain] com.zaxxer.hikari.HikariDataSource       : HikariPool-9 - Start completed.
2024-08-30 09:50:15.213  INFO 28004 --- [restartedMain] org.hibernate.dialect.Dialect            : HHH000400: Using dialect: org.hibernate.dialect.MySQL8Dialect
2024-08-30 09:50:15.289  INFO 28004 --- [restartedMain] o.h.e.t.j.p.i.JtaPlatformInitiator       : HHH000490: Using JtaPlatform implementation: [org.hibernate.engine.transaction.jta.platform.internal.NoJtaPlatform]
2024-08-30 09:50:15.289  INFO 28004 --- [restartedMain] j.LocalContainerEntityManagerFactoryBean : Initialized JPA EntityManagerFactory for persistence unit 'default'
2024-08-30 09:50:15.324  WARN 28004 --- [restartedMain] JpaBaseConfiguration$JpaWebConfiguration : spring.jpa.open-in-view is enabled by default. Therefore, database queries may be performed during view rendering. Explicitly configure spring.jpa.open-in-view to disable this warning
2024-08-30 09:50:15.675  INFO 28004 --- [restartedMain] o.s.s.web.DefaultSecurityFilterChain     : Will secure any request with [org.springframework.security.web.session.DisableEncodeUrlFilter@5b32df12, org.springframework.security.web.context.request.async.WebAsyncManagerIntegrationFilter@3db2e99e, org.springframework.security.web.context.SecurityContextPersistenceFilter@e238a4, org.springframework.security.web.header.HeaderWriterFilter@103865e3, org.springframework.security.web.authentication.logout.LogoutFilter@5ab1697c, org.springframework.security.web.authentication.www.BasicAuthenticationFilter@732bc0c0, org.springframework.security.web.savedrequest.RequestCacheAwareFilter@66dc4429, org.springframework.security.web.servletapi.SecurityContextHolderAwareRequestFilter@3598226c, org.springframework.security.web.authentication.AnonymousAuthenticationFilter@33ebc13c, org.springframework.security.web.session.SessionManagementFilter@6bf2b275, org.springframework.security.web.access.ExceptionTranslationFilter@a3d8cb5, org.springframework.security.web.access.intercept.FilterSecurityInterceptor@a1098ec]
2024-08-30 09:50:15.786  INFO 28004 --- [restartedMain] o.s.b.d.a.OptionalLiveReloadServer       : LiveReload server is running on port 35729
2024-08-30 09:50:15.864  INFO 28004 --- [restartedMain] o.s.b.w.embedded.tomcat.TomcatWebServer  : Tomcat started on port(s): 8082 (http) with context path ''
2024-08-30 09:50:15.867  INFO 28004 --- [restartedMain] com.Project.post_comment.Application     : Started Application in 1.134 seconds (JVM running for 1169.493)
2024-08-30 09:50:15.868  INFO 28004 --- [restartedMain] .ConditionEvaluationDeltaLoggingListener : Condition evaluation unchanged
2024-08-30 09:50:21.268  INFO 51444 --- [main] c.Project.post_comment.ApplicationTests  : Starting ApplicationTests using Java 17.0.11 on RSLPTP1177 with PID 51444 (started by ArkadebDG in D:\Project(post-comment)\Project-post-comment)
2024-08-30 09:50:21.271  INFO 51444 --- [main] c.Project.post_comment.ApplicationTests  : No active profile set, falling back to 1 default profile: "default"
2024-08-30 09:50:22.224  INFO 51444 --- [main] .s.d.r.c.RepositoryConfigurationDelegate : Bootstrapping Spring Data JPA repositories in DEFAULT mode.
2024-08-30 09:50:22.307  INFO 51444 --- [main] .s.d.r.c.RepositoryConfigurationDelegate : Finished Spring Data repository scanning in 73 ms. Found 4 JPA repository interfaces.
2024-08-30 09:50:22.965  INFO 51444 --- [main] o.hibernate.jpa.internal.util.LogHelper  : HHH000204: Processing PersistenceUnitInfo [name: default]
2024-08-30 09:50:23.024  INFO 51444 --- [main] org.hibernate.Version                    : HHH000412: Hibernate ORM core version 5.6.15.Final
2024-08-30 09:50:23.236  INFO 51444 --- [main] o.hibernate.annotations.common.Version   : HCANN000001: Hibernate Commons Annotations {5.1.2.Final}
2024-08-30 09:50:23.440  INFO 51444 --- [main] com.zaxxer.hikari.HikariDataSource       : HikariPool-1 - Starting...
2024-08-30 09:50:23.912  INFO 51444 --- [main] com.zaxxer.hikari.HikariDataSource       : HikariPool-1 - Start completed.
2024-08-30 09:50:23.940  INFO 51444 --- [main] org.hibernate.dialect.Dialect            : HHH000400: Using dialect: org.hibernate.dialect.MySQL8Dialect
2024-08-30 09:50:24.772  INFO 51444 --- [main] o.h.e.t.j.p.i.JtaPlatformInitiator       : HHH000490: Using JtaPlatform implementation: [org.hibernate.engine.transaction.jta.platform.internal.NoJtaPlatform]
2024-08-30 09:50:24.781  INFO 51444 --- [main] j.LocalContainerEntityManagerFactoryBean : Initialized JPA EntityManagerFactory for persistence unit 'default'
2024-08-30 09:50:24.917  WARN 51444 --- [main] JpaBaseConfiguration$JpaWebConfiguration : spring.jpa.open-in-view is enabled by default. Therefore, database queries may be performed during view rendering. Explicitly configure spring.jpa.open-in-view to disable this warning
2024-08-30 09:50:26.153  INFO 51444 --- [main] o.s.s.web.DefaultSecurityFilterChain     : Will secure any request with [org.springframework.security.web.session.DisableEncodeUrlFilter@2ea0161f, org.springframework.security.web.context.request.async.WebAsyncManagerIntegrationFilter@1f235a0a, org.springframework.security.web.context.SecurityContextPersistenceFilter@48da5106, org.springframework.security.web.header.HeaderWriterFilter@b5bddfe, org.springframework.security.web.authentication.logout.LogoutFilter@87f1201, org.springframework.security.web.authentication.www.BasicAuthenticationFilter@1fcf73b9, org.springframework.security.web.savedrequest.RequestCacheAwareFilter@3d213a2b, org.springframework.security.web.servletapi.SecurityContextHolderAwareRequestFilter@2c51c756, org.springframework.security.web.authentication.AnonymousAuthenticationFilter@75d402d4, org.springframework.security.web.session.SessionManagementFilter@b791e6e, org.springframework.security.web.access.ExceptionTranslationFilter@22c4354d, org.springframework.security.web.access.intercept.FilterSecurityInterceptor@1ddb6abb]
2024-08-30 09:50:27.095  INFO 51444 --- [main] c.Project.post_comment.ApplicationTests  : Started ApplicationTests in 6.26 seconds (JVM running for 7.502)
2024-08-30 09:50:27.307 TRACE 51444 --- [main] c.P.post_comment.Service.Post_Service    : Attempting to retrieve the post by id : 2
2024-08-30 09:50:27.370  INFO 51444 --- [main] c.P.post_comment.Service.Post_Service    : Seccessfully fetched the post by id : 2
2024-08-30 09:50:27.402  INFO 51444 --- [SpringApplicationShutdownHook] j.LocalContainerEntityManagerFactoryBean : Closing JPA EntityManagerFactory for persistence unit 'default'
2024-08-30 09:50:27.407  INFO 51444 --- [SpringApplicationShutdownHook] com.zaxxer.hikari.HikariDataSource       : HikariPool-1 - Shutdown initiated...
2024-08-30 09:50:27.421  INFO 51444 --- [SpringApplicationShutdownHook] com.zaxxer.hikari.HikariDataSource       : HikariPool-1 - Shutdown completed.
2024-08-30 09:55:29.863  INFO 28004 --- [File Watcher] rtingClassPathChangeChangedEventListener : Restarting due to 1 class path change (0 additions, 0 deletions, 1 modification)
2024-08-30 09:55:29.880  INFO 28004 --- [Thread-32] o.apache.catalina.core.StandardService   : Stopping service [Tomcat]
2024-08-30 09:55:29.885  INFO 28004 --- [Thread-32] j.LocalContainerEntityManagerFactoryBean : Closing JPA EntityManagerFactory for persistence unit 'default'
2024-08-30 09:55:29.886  INFO 28004 --- [Thread-32] com.zaxxer.hikari.HikariDataSource       : HikariPool-9 - Shutdown initiated...
2024-08-30 09:55:29.894  INFO 28004 --- [Thread-32] com.zaxxer.hikari.HikariDataSource       : HikariPool-9 - Shutdown completed.
