2024-08-30 09:55:29.979  INFO 28004 --- [restartedMain] com.Project.post_comment.Application     : Starting Application using Java 17.0.11 on RSLPTP1177 with PID 28004 (D:\Project(post-comment)\Project-post-comment\target\classes started by ArkadebDG in D:\Project(post-comment)\Project-post-comment)
2024-08-30 09:55:29.980  INFO 28004 --- [restartedMain] com.Project.post_comment.Application     : No active profile set, falling back to 1 default profile: "default"
2024-08-30 09:55:30.205  INFO 28004 --- [restartedMain] .s.d.r.c.RepositoryConfigurationDelegate : Bootstrapping Spring Data JPA repositories in DEFAULT mode.
2024-08-30 09:55:30.243  INFO 28004 --- [restartedMain] .s.d.r.c.RepositoryConfigurationDelegate : Finished Spring Data repository scanning in 37 ms. Found 4 JPA repository interfaces.
2024-08-30 09:55:30.365  INFO 28004 --- [restartedMain] o.s.b.w.embedded.tomcat.TomcatWebServer  : Tomcat initialized with port(s): 8082 (http)
2024-08-30 09:55:30.367  INFO 28004 --- [restartedMain] o.apache.catalina.core.StandardService   : Starting service [Tomcat]
2024-08-30 09:55:30.367  INFO 28004 --- [restartedMain] org.apache.catalina.core.StandardEngine  : Starting Servlet engine: [Apache Tomcat/9.0.82]
2024-08-30 09:55:30.402  INFO 28004 --- [restartedMain] o.a.c.c.C.[Tomcat-3].[localhost].[/]     : Initializing Spring embedded WebApplicationContext
2024-08-30 09:55:30.402  INFO 28004 --- [restartedMain] w.s.c.ServletWebServerApplicationContext : Root WebApplicationContext: initialization completed in 420 ms
2024-08-30 09:55:30.459  INFO 28004 --- [restartedMain] o.hibernate.jpa.internal.util.LogHelper  : HHH000204: Processing PersistenceUnitInfo [name: default]
2024-08-30 09:55:30.464  INFO 28004 --- [restartedMain] com.zaxxer.hikari.HikariDataSource       : HikariPool-10 - Starting...
2024-08-30 09:55:30.481  INFO 28004 --- [restartedMain] com.zaxxer.hikari.HikariDataSource       : HikariPool-10 - Start completed.
2024-08-30 09:55:30.481  INFO 28004 --- [restartedMain] org.hibernate.dialect.Dialect            : HHH000400: Using dialect: org.hibernate.dialect.MySQL8Dialect
2024-08-30 09:55:30.586  INFO 28004 --- [restartedMain] o.h.e.t.j.p.i.JtaPlatformInitiator       : HHH000490: Using JtaPlatform implementation: [org.hibernate.engine.transaction.jta.platform.internal.NoJtaPlatform]
2024-08-30 09:55:30.587  INFO 28004 --- [restartedMain] j.LocalContainerEntityManagerFactoryBean : Initialized JPA EntityManagerFactory for persistence unit 'default'
2024-08-30 09:55:30.626  WARN 28004 --- [restartedMain] JpaBaseConfiguration$JpaWebConfiguration : spring.jpa.open-in-view is enabled by default. Therefore, database queries may be performed during view rendering. Explicitly configure spring.jpa.open-in-view to disable this warning
2024-08-30 09:55:31.040  INFO 28004 --- [restartedMain] o.s.s.web.DefaultSecurityFilterChain     : Will secure any request with [org.springframework.security.web.session.DisableEncodeUrlFilter@15ad13df, org.springframework.security.web.context.request.async.WebAsyncManagerIntegrationFilter@54a8b905, org.springframework.security.web.context.SecurityContextPersistenceFilter@41605de9, org.springframework.security.web.header.HeaderWriterFilter@3e1e7c50, org.springframework.security.web.authentication.logout.LogoutFilter@18e21288, org.springframework.security.web.authentication.www.BasicAuthenticationFilter@14137f98, org.springframework.security.web.savedrequest.RequestCacheAwareFilter@4ffedb43, org.springframework.security.web.servletapi.SecurityContextHolderAwareRequestFilter@24fd210, org.springframework.security.web.authentication.AnonymousAuthenticationFilter@307dc8ec, org.springframework.security.web.session.SessionManagementFilter@52b17121, org.springframework.security.web.access.ExceptionTranslationFilter@860ce08, org.springframework.security.web.access.intercept.FilterSecurityInterceptor@63e0fa36]
2024-08-30 09:55:31.160  INFO 28004 --- [restartedMain] o.s.b.d.a.OptionalLiveReloadServer       : LiveReload server is running on port 35729
2024-08-30 09:55:31.190  INFO 28004 --- [restartedMain] o.s.b.w.embedded.tomcat.TomcatWebServer  : Tomcat started on port(s): 8082 (http) with context path ''
2024-08-30 09:55:31.194  INFO 28004 --- [restartedMain] com.Project.post_comment.Application     : Started Application in 1.247 seconds (JVM running for 1484.82)
2024-08-30 09:55:31.195  INFO 28004 --- [restartedMain] .ConditionEvaluationDeltaLoggingListener : Condition evaluation unchanged
2024-08-30 09:55:35.435  INFO 34884 --- [main] c.Project.post_comment.ApplicationTests  : Starting ApplicationTests using Java 17.0.11 on RSLPTP1177 with PID 34884 (started by ArkadebDG in D:\Project(post-comment)\Project-post-comment)
2024-08-30 09:55:35.437  INFO 34884 --- [main] c.Project.post_comment.ApplicationTests  : No active profile set, falling back to 1 default profile: "default"
2024-08-30 09:55:36.408  INFO 34884 --- [main] .s.d.r.c.RepositoryConfigurationDelegate : Bootstrapping Spring Data JPA repositories in DEFAULT mode.
2024-08-30 09:55:36.514  INFO 34884 --- [main] .s.d.r.c.RepositoryConfigurationDelegate : Finished Spring Data repository scanning in 88 ms. Found 4 JPA repository interfaces.
2024-08-30 09:55:37.274  INFO 34884 --- [main] o.hibernate.jpa.internal.util.LogHelper  : HHH000204: Processing PersistenceUnitInfo [name: default]
2024-08-30 09:55:37.352  INFO 34884 --- [main] org.hibernate.Version                    : HHH000412: Hibernate ORM core version 5.6.15.Final
2024-08-30 09:55:37.587  INFO 34884 --- [main] o.hibernate.annotations.common.Version   : HCANN000001: Hibernate Commons Annotations {5.1.2.Final}
2024-08-30 09:55:37.802  INFO 34884 --- [main] com.zaxxer.hikari.HikariDataSource       : HikariPool-1 - Starting...
2024-08-30 09:55:38.353  INFO 34884 --- [main] com.zaxxer.hikari.HikariDataSource       : HikariPool-1 - Start completed.
2024-08-30 09:55:38.395  INFO 34884 --- [main] org.hibernate.dialect.Dialect            : HHH000400: Using dialect: org.hibernate.dialect.MySQL8Dialect
2024-08-30 09:55:39.192  INFO 34884 --- [main] o.h.e.t.j.p.i.JtaPlatformInitiator       : HHH000490: Using JtaPlatform implementation: [org.hibernate.engine.transaction.jta.platform.internal.NoJtaPlatform]
2024-08-30 09:55:39.199  INFO 34884 --- [main] j.LocalContainerEntityManagerFactoryBean : Initialized JPA EntityManagerFactory for persistence unit 'default'
2024-08-30 09:55:39.315  WARN 34884 --- [main] JpaBaseConfiguration$JpaWebConfiguration : spring.jpa.open-in-view is enabled by default. Therefore, database queries may be performed during view rendering. Explicitly configure spring.jpa.open-in-view to disable this warning
2024-08-30 09:55:40.462  INFO 34884 --- [main] o.s.s.web.DefaultSecurityFilterChain     : Will secure any request with [org.springframework.security.web.session.DisableEncodeUrlFilter@31434b63, org.springframework.security.web.context.request.async.WebAsyncManagerIntegrationFilter@64d42d3d, org.springframework.security.web.context.SecurityContextPersistenceFilter@78a34c47, org.springframework.security.web.header.HeaderWriterFilter@4b552b13, org.springframework.security.web.authentication.logout.LogoutFilter@7df23848, org.springframework.security.web.authentication.www.BasicAuthenticationFilter@6b6f73d, org.springframework.security.web.savedrequest.RequestCacheAwareFilter@2c51c756, org.springframework.security.web.servletapi.SecurityContextHolderAwareRequestFilter@219a2203, org.springframework.security.web.authentication.AnonymousAuthenticationFilter@24558113, org.springframework.security.web.session.SessionManagementFilter@48da5106, org.springframework.security.web.access.ExceptionTranslationFilter@1701beb3, org.springframework.security.web.access.intercept.FilterSecurityInterceptor@24749ad3]
2024-08-30 09:55:41.470  INFO 34884 --- [main] c.Project.post_comment.ApplicationTests  : Started ApplicationTests in 6.496 seconds (JVM running for 7.927)
2024-08-30 09:55:41.664 TRACE 34884 --- [main] c.P.post_comment.Service.Post_Service    : Attempting to retrieve the post by id : 11
2024-08-30 09:55:41.698 ERROR 34884 --- [main] c.P.post_comment.Service.Post_Service    : Error occured while fetching the post by id 11
2024-08-30 09:55:41.740  INFO 34884 --- [SpringApplicationShutdownHook] j.LocalContainerEntityManagerFactoryBean : Closing JPA EntityManagerFactory for persistence unit 'default'
2024-08-30 09:55:41.743  INFO 34884 --- [SpringApplicationShutdownHook] com.zaxxer.hikari.HikariDataSource       : HikariPool-1 - Shutdown initiated...
2024-08-30 09:55:41.760  INFO 34884 --- [SpringApplicationShutdownHook] com.zaxxer.hikari.HikariDataSource       : HikariPool-1 - Shutdown completed.
2024-08-30 10:02:16.079  INFO 28004 --- [SpringApplicationShutdownHook] j.LocalContainerEntityManagerFactoryBean : Closing JPA EntityManagerFactory for persistence unit 'default'
2024-08-30 10:02:16.080  INFO 28004 --- [SpringApplicationShutdownHook] com.zaxxer.hikari.HikariDataSource       : HikariPool-10 - Shutdown initiated...
2024-08-30 10:02:16.089  INFO 28004 --- [SpringApplicationShutdownHook] com.zaxxer.hikari.HikariDataSource       : HikariPool-10 - Shutdown completed.
