2024-09-01 12:46:36.499  INFO 404 --- [restartedMain] com.Project.post_comment.Application     : Starting Application using Java 17.0.11 on RSLPTP1177 with PID 404 (D:\Project(post-comment)\Project-post-comment\target\classes started by ArkadebDG in D:\Project(post-comment)\Project-post-comment)
2024-09-01 12:46:36.499  INFO 404 --- [restartedMain] com.Project.post_comment.Application     : No active profile set, falling back to 1 default profile: "default"
2024-09-01 12:46:36.698  INFO 404 --- [restartedMain] .s.d.r.c.RepositoryConfigurationDelegate : Bootstrapping Spring Data JPA repositories in DEFAULT mode.
2024-09-01 12:46:36.729  INFO 404 --- [restartedMain] .s.d.r.c.RepositoryConfigurationDelegate : Finished Spring Data repository scanning in 30 ms. Found 4 JPA repository interfaces.
2024-09-01 12:46:36.839  INFO 404 --- [restartedMain] o.s.b.w.embedded.tomcat.TomcatWebServer  : Tomcat initialized with port(s): 8081 (http)
2024-09-01 12:46:36.839  INFO 404 --- [restartedMain] o.apache.catalina.core.StandardService   : Starting service [Tomcat]
2024-09-01 12:46:36.839  INFO 404 --- [restartedMain] org.apache.catalina.core.StandardEngine  : Starting Servlet engine: [Apache Tomcat/9.0.82]
2024-09-01 12:46:36.869  INFO 404 --- [restartedMain] o.a.c.c.C.[Tomcat-4].[localhost].[/]     : Initializing Spring embedded WebApplicationContext
2024-09-01 12:46:36.869  INFO 404 --- [restartedMain] w.s.c.ServletWebServerApplicationContext : Root WebApplicationContext: initialization completed in 370 ms
2024-09-01 12:46:36.919  INFO 404 --- [restartedMain] o.hibernate.jpa.internal.util.LogHelper  : HHH000204: Processing PersistenceUnitInfo [name: default]
2024-09-01 12:46:36.926  INFO 404 --- [restartedMain] com.zaxxer.hikari.HikariDataSource       : HikariPool-11 - Starting...
2024-09-01 12:46:36.942  INFO 404 --- [restartedMain] com.zaxxer.hikari.HikariDataSource       : HikariPool-11 - Start completed.
2024-09-01 12:46:36.942  INFO 404 --- [restartedMain] org.hibernate.dialect.Dialect            : HHH000400: Using dialect: org.hibernate.dialect.MySQL8Dialect
2024-09-01 12:46:37.057  INFO 404 --- [restartedMain] o.h.e.t.j.p.i.JtaPlatformInitiator       : HHH000490: Using JtaPlatform implementation: [org.hibernate.engine.transaction.jta.platform.internal.NoJtaPlatform]
2024-09-01 12:46:37.062  INFO 404 --- [restartedMain] j.LocalContainerEntityManagerFactoryBean : Initialized JPA EntityManagerFactory for persistence unit 'default'
2024-09-01 12:46:37.127  WARN 404 --- [restartedMain] JpaBaseConfiguration$JpaWebConfiguration : spring.jpa.open-in-view is enabled by default. Therefore, database queries may be performed during view rendering. Explicitly configure spring.jpa.open-in-view to disable this warning
2024-09-01 12:46:37.529  INFO 404 --- [restartedMain] o.s.s.web.DefaultSecurityFilterChain     : Will secure any request with [org.springframework.security.web.session.DisableEncodeUrlFilter@4d7b4f3d, org.springframework.security.web.context.request.async.WebAsyncManagerIntegrationFilter@65cd9cb0, org.springframework.security.web.context.SecurityContextPersistenceFilter@2fbd4e57, org.springframework.security.web.header.HeaderWriterFilter@166c3d9b, org.springframework.security.web.authentication.logout.LogoutFilter@868ac63, org.springframework.security.web.authentication.www.BasicAuthenticationFilter@35cfed63, org.springframework.security.web.savedrequest.RequestCacheAwareFilter@8d6eec3, org.springframework.security.web.servletapi.SecurityContextHolderAwareRequestFilter@7f218aa7, org.springframework.security.web.authentication.AnonymousAuthenticationFilter@6b7c939b, org.springframework.security.web.session.SessionManagementFilter@87750d5, org.springframework.security.web.access.ExceptionTranslationFilter@2280b98a, org.springframework.security.web.access.intercept.FilterSecurityInterceptor@58dadcbe]
2024-09-01 12:46:37.601  INFO 404 --- [restartedMain] o.s.b.d.a.OptionalLiveReloadServer       : LiveReload server is running on port 35729
2024-09-01 12:46:37.629  INFO 404 --- [restartedMain] o.s.b.w.embedded.tomcat.TomcatWebServer  : Tomcat started on port(s): 8081 (http) with context path ''
2024-09-01 12:46:37.629  INFO 404 --- [restartedMain] com.Project.post_comment.Application     : Started Application in 1.192 seconds (JVM running for 2911.383)
2024-09-01 12:46:37.637  INFO 404 --- [restartedMain] .ConditionEvaluationDeltaLoggingListener : Condition evaluation unchanged
2024-09-01 12:46:43.294  INFO 44636 --- [main] c.Project.post_comment.ApplicationTests  : Starting ApplicationTests using Java 17.0.11 on RSLPTP1177 with PID 44636 (started by ArkadebDG in D:\Project(post-comment)\Project-post-comment)
2024-09-01 12:46:43.299  INFO 44636 --- [main] c.Project.post_comment.ApplicationTests  : No active profile set, falling back to 1 default profile: "default"
2024-09-01 12:46:44.421  INFO 44636 --- [main] .s.d.r.c.RepositoryConfigurationDelegate : Bootstrapping Spring Data JPA repositories in DEFAULT mode.
2024-09-01 12:46:44.533  INFO 44636 --- [main] .s.d.r.c.RepositoryConfigurationDelegate : Finished Spring Data repository scanning in 96 ms. Found 4 JPA repository interfaces.
2024-09-01 12:46:45.485  INFO 44636 --- [main] o.hibernate.jpa.internal.util.LogHelper  : HHH000204: Processing PersistenceUnitInfo [name: default]
2024-09-01 12:46:45.542  INFO 44636 --- [main] org.hibernate.Version                    : HHH000412: Hibernate ORM core version 5.6.15.Final
2024-09-01 12:46:45.737  INFO 44636 --- [main] o.hibernate.annotations.common.Version   : HCANN000001: Hibernate Commons Annotations {5.1.2.Final}
2024-09-01 12:46:48.142  INFO 44636 --- [main] com.zaxxer.hikari.HikariDataSource       : HikariPool-1 - Starting...
2024-09-01 12:46:48.873  INFO 44636 --- [main] com.zaxxer.hikari.HikariDataSource       : HikariPool-1 - Start completed.
2024-09-01 12:46:48.910  INFO 44636 --- [main] org.hibernate.dialect.Dialect            : HHH000400: Using dialect: org.hibernate.dialect.MySQL8Dialect
2024-09-01 12:46:49.785  INFO 44636 --- [main] o.h.e.t.j.p.i.JtaPlatformInitiator       : HHH000490: Using JtaPlatform implementation: [org.hibernate.engine.transaction.jta.platform.internal.NoJtaPlatform]
2024-09-01 12:46:49.797  INFO 44636 --- [main] j.LocalContainerEntityManagerFactoryBean : Initialized JPA EntityManagerFactory for persistence unit 'default'
2024-09-01 12:46:49.893  WARN 44636 --- [main] JpaBaseConfiguration$JpaWebConfiguration : spring.jpa.open-in-view is enabled by default. Therefore, database queries may be performed during view rendering. Explicitly configure spring.jpa.open-in-view to disable this warning
2024-09-01 12:46:51.296  INFO 44636 --- [main] o.s.s.web.DefaultSecurityFilterChain     : Will secure any request with [org.springframework.security.web.session.DisableEncodeUrlFilter@10e4ce98, org.springframework.security.web.context.request.async.WebAsyncManagerIntegrationFilter@10466c55, org.springframework.security.web.context.SecurityContextPersistenceFilter@7f584d0c, org.springframework.security.web.header.HeaderWriterFilter@40d04cf8, org.springframework.security.web.authentication.logout.LogoutFilter@2c51c756, org.springframework.security.web.authentication.www.BasicAuthenticationFilter@786cc1df, org.springframework.security.web.savedrequest.RequestCacheAwareFilter@f13e0a2, org.springframework.security.web.servletapi.SecurityContextHolderAwareRequestFilter@1bcf2c64, org.springframework.security.web.authentication.AnonymousAuthenticationFilter@2a5ed225, org.springframework.security.web.session.SessionManagementFilter@2681185e, org.springframework.security.web.access.ExceptionTranslationFilter@257d3968, org.springframework.security.web.access.intercept.FilterSecurityInterceptor@6d658aa8]
2024-09-01 12:46:52.437  INFO 44636 --- [main] c.Project.post_comment.ApplicationTests  : Started ApplicationTests in 9.796 seconds (JVM running for 11.512)
2024-09-01 12:46:52.663 TRACE 44636 --- [main] c.P.post_comment.Service.Post_Service    : Attempting to fetch client data based on id 2 
2024-09-01 12:46:52.750  INFO 44636 --- [main] c.P.post_comment.Service.Post_Service    : Succesfully fetched the cleint data from database {}
2024-09-01 12:46:52.792  INFO 44636 --- [SpringApplicationShutdownHook] j.LocalContainerEntityManagerFactoryBean : Closing JPA EntityManagerFactory for persistence unit 'default'
2024-09-01 12:46:52.795  INFO 44636 --- [SpringApplicationShutdownHook] com.zaxxer.hikari.HikariDataSource       : HikariPool-1 - Shutdown initiated...
2024-09-01 12:46:54.280  INFO 44636 --- [SpringApplicationShutdownHook] com.zaxxer.hikari.HikariDataSource       : HikariPool-1 - Shutdown completed.
2024-09-01 12:50:59.038  INFO 404 --- [File Watcher] rtingClassPathChangeChangedEventListener : Restarting due to 1 class path change (0 additions, 0 deletions, 1 modification)
2024-09-01 12:50:59.059  INFO 404 --- [Thread-39] o.apache.catalina.core.StandardService   : Stopping service [Tomcat]
2024-09-01 12:50:59.067  INFO 404 --- [Thread-39] j.LocalContainerEntityManagerFactoryBean : Closing JPA EntityManagerFactory for persistence unit 'default'
2024-09-01 12:50:59.067  INFO 404 --- [Thread-39] com.zaxxer.hikari.HikariDataSource       : HikariPool-11 - Shutdown initiated...
2024-09-01 12:50:59.079  INFO 404 --- [Thread-39] com.zaxxer.hikari.HikariDataSource       : HikariPool-11 - Shutdown completed.
